[promo-theme.com/novo/blog-horizontal/index.html]
[backblue.gif]
[fade.gif]
[index.html]
[promo-theme.com/novo/wp-includes/css/dist/block-library/style.min85d2.css]
[promo-theme.com/novo/wp-content/plugins/booked/assets/css/icons25b6.css]
[promo-theme.com/novo/wp-content/plugins/booked/assets/js/tooltipster/css/tooltipster9b70.css]
[promo-theme.com/novo/wp-content/plugins/booked/assets/js/tooltipster/css/themes/tooltipster-light9b70.css]
[promo-theme.com/novo/wp-content/plugins/booked/assets/css/animations25b6.css]
[promo-theme.com/novo/wp-content/plugins/booked/dist/booked25b6.css]
[promo-theme.com/novo/wp-content/plugins/contact-form-7/includes/css/stylesc225.css]
[promo-theme.com/novo/wp-content/plugins/pt-novo-shortcodes/include/popup/style8a54.css]
[promo-theme.com/novo/wp-content/plugins/elementor/assets/lib/eicons/css/elementor-icons.min21f9.css]
[promo-theme.com/novo/wp-content/plugins/elementor/assets/lib/animations/animations.min2072.css]
[promo-theme.com/novo/wp-content/plugins/elementor/assets/css/frontend.min2072.css]
[promo-theme.com/novo/wp-content/uploads/elementor/css/post-17315c6e.css]
[promo-theme.com/novo/wp-content/uploads/elementor/css/global5c6e.css]
[promo-theme.com/novo/wp-content/plugins/pt-novo-shortcodes/assets/css/swiper268f.css]
[promo-theme.com/novo/wp-content/plugins/pt-novo-shortcodes/assets/css/owl.carousel531b.css]
[promo-theme.com/novo/wp-content/plugins/booked/includes/add-ons/woocommerce-payments/css/frontend-style85d2.css]
[promo-theme.com/novo/wp-content/plugins/js_composer/assets/css/js_composer.min31dc.css]
[promo-theme.com/novo/wp-content/themes/novo/css/iconfont85d2.css]
[promo-theme.com/novo/wp-content/themes/novo/css/fontawesome.min85d2.css]
[promo-theme.com/novo/wp-content/themes/novo/css/circle_animations85d2.css]
[promo-theme.com/novo/wp-content/themes/novo-child-dev/style85d2.css]
[promo-theme.com/novo/wp-content/themes/novo/css/woocommerce85d2.css]
[promo-theme.com/novo/wp-content/themes/novo/css/woocommerce-layout85d2.css]
[promo-theme.com/novo/wp-content/themes/novo/css/select285d2.css]
[promo-theme.com/novo/wp-content/themes/novo/css/style85d2.css]
[promo-theme.com/novo/wp-content/plugins/js_composer/assets/lib/bower/font-awesome/css/v4-shims.min31dc.css]
[promo-theme.com/novo/wp-content/plugins/pt-novo-shortcodes/assets/css/pt-addons85d2.css]
[promo-theme.com/novo/wp-content/themes/novo/css/mobile85d2.css]
[promo-theme.com/novo/wp-content/plugins/pixproof/assets/css/inuit001e.css]
[promo-theme.com/novo/wp-content/plugins/pixproof/assets/css/mangnific-popup001e.css]
[cdnjs.cloudflare.com/ajax/libs/jquery/1.12.4/jquery.minb8ff.js]
[cdnjs.cloudflare.com/ajax/libs/jquery-migrate/1.4.1/jquery-migrate.min330a.js]
[promo-theme.com/novo/wp-content/plugins/woocommerce/assets/js/jquery-blockui/jquery.blockUI.min44fd.js]
[promo-theme.com/novo/wp-content/plugins/woocommerce/assets/js/frontend/add-to-cart.min7263.js]
[promo-theme.com/novo/wp-content/plugins/js_composer/assets/js/vendors/woocommerce-add-to-cart31dc.js]
[promo-theme.com/novo/wp-content/plugins/pt-novo-shortcodes/assets/js/zilla-likes85d2.js]
[promo-theme.com/novo/wp-content/plugins/booked/includes/add-ons/woocommerce-payments/js/frontend-functions85d2.js]
[promo-theme.com/novo/wp-content/uploads/2017/09/cropped-favicon-70x70.png]
[promo-theme.com/novo/wp-content/uploads/2017/09/cropped-favicon-300x300.png]
[promo-theme.com/novo/wp-content/uploads/2017/08/project1-150x150.jpg]
[promo-theme.com/novo/wp-content/uploads/2017/08/project13-150x150.jpg]
[promo-theme.com/novo/wp-content/uploads/2017/08/project14-150x150.jpg]
[promo-theme.com/novo/wp-content/uploads/2017/08/project10-150x150.jpg]
[promo-theme.com/novo/wp-content/uploads/2017/08/project12-150x150.jpg]
[promo-theme.com/novo/wp-content/uploads/2017/08/project6-150x150.jpg]
[promo-theme.com/novo/wp-content/uploads/2017/08/project1-1024x681.jpg]
[promo-theme.com/novo/wp-content/uploads/2017/08/project2-1024x681.jpg]
[promo-theme.com/novo/wp-content/uploads/2017/08/project3-684x1024.jpg]
[promo-theme.com/novo/wp-content/uploads/2017/08/project4-1024x580.jpg]
[promo-theme.com/novo/wp-content/uploads/2018/10/side-img7.jpg]
[promo-theme.com/novo/wp-content/uploads/2018/10/side-img7-1016x1024.jpg]
[promo-theme.com/novo/wp-content/uploads/2018/10/side-img6-1016x1024.jpg]
[promo-theme.com/novo/wp-content/uploads/2018/10/project45-1024x768.jpg]
[promo-theme.com/novo/wp-content/uploads/2018/10/project44-1024x618.jpg]
[promo-theme.com/novo/wp-includes/js/jquery/ui/core.min35d0.js]
[promo-theme.com/novo/wp-includes/js/jquery/ui/datepicker.min35d0.js]
[promo-theme.com/novo/wp-content/plugins/booked/assets/js/spin.min7406.js]
[promo-theme.com/novo/wp-content/plugins/booked/assets/js/spin.jquery7406.js]
[promo-theme.com/novo/wp-content/plugins/booked/assets/js/tooltipster/js/jquery.tooltipster.min9b70.js]
[promo-theme.com/novo/wp-content/plugins/booked/assets/js/functions25b6.js]
[promo-theme.com/novo/wp-includes/js/dist/vendor/wp-polyfill.min89b1.js]
[promo-theme.com/novo/wp-includes/js/dist/vendor/wp-polyfill-fetch.min6e0e.js]
[promo-theme.com/novo/wp-includes/js/dist/vendor/wp-polyfill-node-contains.min2e00.js]
[promo-theme.com/novo/wp-includes/js/dist/vendor/wp-polyfill-dom-rect.min2e00.js]
[promo-theme.com/novo/wp-includes/js/dist/vendor/wp-polyfill-url.min5aed.js]
[promo-theme.com/novo/wp-includes/js/dist/vendor/wp-polyfill-formdata.mine9bd.js]
[promo-theme.com/novo/wp-includes/js/dist/vendor/wp-polyfill-element-closest.min4c56.js]
[promo-theme.com/novo/wp-includes/js/dist/vendor/wp-polyfill-object-fit.min531b.js]
[promo-theme.com/novo/wp-content/plugins/contact-form-7/includes/js/indexc225.js]
[promo-theme.com/novo/wp-content/plugins/woocommerce/assets/js/js-cookie/js.cookie.min6b25.js]
[promo-theme.com/novo/wp-content/plugins/woocommerce/assets/js/frontend/woocommerce.min7263.js]
[promo-theme.com/novo/wp-content/plugins/woocommerce/assets/js/frontend/cart-fragments.min7263.js]
[promo-theme.com/novo/wp-content/plugins/pixproof/assets/js/public001e.js]
[promo-theme.com/novo/wp-content/plugins/booked/includes/add-ons/frontend-agents/js/functions25b6.js]
[cdnjs.cloudflare.com/ajax/libs/gsap/3.4.2/gsap.minccfb.js]
[promo-theme.com/novo/wp-content/plugins/pt-novo-shortcodes/include/popup/script8a54.js]
[promo-theme.com/novo/wp-content/plugins/pt-novo-shortcodes/assets/js/pt-scripts8a54.js]
[promo-theme.com/novo/wp-content/plugins/pt-novo-shortcodes/assets/js/swiper.min6a4d.js]
[promo-theme.com/novo/wp-content/plugins/pt-novo-shortcodes/assets/js/owl.carousel.min531b.js]
[promo-theme.com/novo/wp-includes/js/imagesloaded.mineda1.js]
[promo-theme.com/novo/wp-content/plugins/pt-novo-shortcodes/assets/js/isotope.pkgd.min7c45.js]
[promo-theme.com/novo/wp-content/themes/novo/js/scripts.js]
[promo-theme.com/novo/wp-content/plugins/pt-novo-shortcodes/assets/js/js_composer_front.min8a54.js]
[promo-theme.com/novo/wp-content/themes/novo-child-dev/script85d2.js]
[promo-theme.com/novo/wp-includes/js/wp-embed.min85d2.js]
[promo-theme.com/novo/blog-horizontal/index.html]
[promo-theme.com/novo/wp-includes/css/dist/block-library/style.min85d2.css]
[promo-theme.com/novo/wp-content/plugins/booked/assets/css/icons25b6.css]
[promo-theme.com/novo/wp-content/plugins/booked/assets/js/tooltipster/css/tooltipster9b70.css]
[promo-theme.com/novo/wp-content/plugins/booked/assets/js/tooltipster/css/themes/tooltipster-light9b70.css]
[promo-theme.com/novo/wp-content/plugins/booked/assets/css/animations25b6.css]
[promo-theme.com/novo/wp-content/plugins/booked/dist/booked25b6.css]
[promo-theme.com/novo/wp-content/plugins/contact-form-7/includes/css/stylesc225.css]
[promo-theme.com/novo/wp-content/plugins/pt-novo-shortcodes/assets/js/load-posts343b.js]
[promo-theme.com/novo/wp-content/plugins/pt-novo-shortcodes/include/popup/fonts/popup-iconf5bb.eot]
[promo-theme.com/novo/wp-content/plugins/pt-novo-shortcodes/include/popup/fonts/popup-iconf5bb.ttf]
[promo-theme.com/novo/wp-content/plugins/pt-novo-shortcodes/include/popup/fonts/popup-iconf5bb.woff]
[promo-theme.com/novo/wp-content/plugins/pt-novo-shortcodes/include/popup/style8a54.css]
[promo-theme.com/novo/wp-content/plugins/elementor/assets/lib/eicons/css/elementor-icons.min21f9.css]
[promo-theme.com/novo/wp-content/plugins/elementor/assets/lib/animations/animations.min2072.css]
[promo-theme.com/novo/wp-content/plugins/elementor/assets/css/frontend.min2072.css]
[promo-theme.com/novo/wp-content/uploads/elementor/css/post-17315c6e.css]
[promo-theme.com/novo/wp-content/uploads/elementor/css/global5c6e.css]
[promo-theme.com/novo/wp-content/plugins/pt-novo-shortcodes/assets/css/swiper268f.css]
[promo-theme.com/novo/wp-content/plugins/pt-novo-shortcodes/include/popup/fonts/popup-iconf5bb.svg]
[promo-theme.com/novo/wp-content/plugins/pt-novo-shortcodes/assets/css/owl.video.play.png]
[promo-theme.com/novo/wp-content/plugins/pt-novo-shortcodes/assets/css/owl.carousel531b.css]
[promo-theme.com/novo/wp-content/plugins/booked/includes/add-ons/woocommerce-payments/css/frontend-style85d2.css]
[promo-theme.com/novo/wp-content/plugins/js_composer/assets/vc/alert.png]
[promo-theme.com/novo/wp-content/plugins/js_composer/assets/vc/info.png]
[promo-theme.com/novo/wp-content/plugins/js_composer/assets/vc/tick.png]
[promo-theme.com/novo/wp-content/plugins/js_composer/assets/vc/exclamation.png]
[promo-theme.com/novo/wp-content/plugins/js_composer/assets/images/icons/address-book.png]
[promo-theme.com/novo/wp-content/plugins/js_composer/assets/images/icons/alarm-clock.png]
[promo-theme.com/novo/wp-content/plugins/js_composer/assets/images/icons/anchor.png]
[promo-theme.com/novo/wp-content/plugins/js_composer/assets/images/icons/application-image.png]
[promo-theme.com/novo/wp-content/plugins/js_composer/assets/images/icons/arrow.png]
[promo-theme.com/novo/wp-content/plugins/js_composer/assets/images/icons/asterisk.png]
[promo-theme.com/novo/wp-content/plugins/js_composer/assets/images/icons/auction-hammer.png]
[promo-theme.com/novo/wp-content/plugins/js_composer/assets/images/icons/balloon.png]
[promo-theme.com/novo/wp-content/plugins/js_composer/assets/images/icons/balloon-buzz.png]
[promo-theme.com/novo/wp-content/plugins/js_composer/assets/images/icons/balloon-facebook.png]
[promo-theme.com/novo/wp-content/plugins/js_composer/assets/images/icons/balloon-twitter.png]
[promo-theme.com/novo/wp-content/plugins/js_composer/assets/images/icons/battery-full.png]
[promo-theme.com/novo/wp-content/plugins/js_composer/assets/images/icons/binocular.png]
[promo-theme.com/novo/wp-content/plugins/js_composer/assets/images/icons/blue-document-excel.png]
[promo-theme.com/novo/wp-content/plugins/js_composer/assets/images/icons/blue-document-image.png]
[promo-theme.com/novo/wp-content/plugins/js_composer/assets/images/icons/blue-document-music.png]
[promo-theme.com/novo/wp-content/plugins/js_composer/assets/images/icons/blue-document-office.png]
[promo-theme.com/novo/wp-content/plugins/js_composer/assets/images/icons/blue-document-pdf.png]
[promo-theme.com/novo/wp-content/plugins/js_composer/assets/images/icons/blue-document-powerpoint.png]
[promo-theme.com/novo/wp-content/plugins/js_composer/assets/images/icons/blue-document-word.png]
[promo-theme.com/novo/wp-content/plugins/js_composer/assets/images/icons/bookmark.png]
[promo-theme.com/novo/wp-content/plugins/js_composer/assets/images/icons/camcorder.png]
[promo-theme.com/novo/wp-content/plugins/js_composer/assets/images/icons/camera.png]
[promo-theme.com/novo/wp-content/plugins/js_composer/assets/images/icons/chart.png]
[promo-theme.com/novo/wp-content/plugins/js_composer/assets/images/icons/chart-pie.png]
[promo-theme.com/novo/wp-content/plugins/js_composer/assets/images/icons/clock.png]
[promo-theme.com/novo/wp-content/plugins/js_composer/assets/images/icons/control.png]
[promo-theme.com/novo/wp-content/plugins/js_composer/assets/images/icons/fire.png]
[promo-theme.com/novo/wp-content/plugins/js_composer/assets/images/icons/heart.png]
[promo-theme.com/novo/wp-content/plugins/js_composer/assets/images/icons/mail.png]
[promo-theme.com/novo/wp-content/plugins/js_composer/assets/images/icons/plus-shield.png]
[promo-theme.com/novo/wp-content/plugins/js_composer/assets/images/icons/video.png]
[promo-theme.com/novo/wp-content/plugins/js_composer/assets/images/toggle_open.png]
[promo-theme.com/novo/wp-content/plugins/js_composer/assets/images/toggle_close.png]
[promo-theme.com/novo/wp-content/plugins/js_composer/assets/images/flickr.png]
[promo-theme.com/novo/wp-content/plugins/js_composer/assets/images/spinner.gif]
[promo-theme.com/novo/wp-content/plugins/js_composer/assets/vc/remove.png]
[promo-theme.com/novo/wp-content/plugins/js_composer/assets/css/js_composer.min31dc.css]
[promo-theme.com/novo/wp-content/themes/novo/css/iconfont85d2.css]
[promo-theme.com/novo/wp-content/themes/novo/css/fontawesome.min85d2.css]
[promo-theme.com/novo/wp-content/themes/novo/css/circle_animations85d2.css]
[promo-theme.com/novo/wp-content/themes/novo-child-dev/style85d2.css]
[promo-theme.com/novo/wp-content/themes/novo/images/select.png]
[promo-theme.com/novo/wp-content/themes/novo/images/calendar2.png]
[promo-theme.com/novo/wp-content/themes/novo/images/select-light.png]
[promo-theme.com/novo/wp-content/themes/novo/css/woocommerce85d2.css]
[promo-theme.com/novo/wp-content/themes/novo/css/woocommerce-layout85d2.css]
[promo-theme.com/novo/wp-content/themes/novo/css/select285d2.css]
[promo-theme.com/novo/wp-content/themes/novo/images/footer-decor.png]
[promo-theme.com/novo/wp-content/themes/novo/css/style85d2.css]
[promo-theme.com/novo/wp-content/plugins/js_composer/assets/lib/bower/font-awesome/css/v4-shims.min31dc.css]
[promo-theme.com/novo/wp-content/plugins/pt-novo-shortcodes/assets/imgs/square-bg-ligth.png]
[promo-theme.com/novo/wp-content/plugins/pt-novo-shortcodes/assets/imgs/square-bg-dark.png]
[promo-theme.com/novo/wp-content/plugins/pt-novo-shortcodes/assets/imgs/decor1.png]
[promo-theme.com/novo/wp-content/plugins/pt-novo-shortcodes/assets/imgs/decor2.png]
[promo-theme.com/novo/wp-content/plugins/pt-novo-shortcodes/assets/imgs/decor3.png]
[promo-theme.com/novo/wp-content/plugins/pt-novo-shortcodes/assets/imgs/decor4.png]
[promo-theme.com/novo/wp-content/plugins/pt-novo-shortcodes/assets/imgs/decor5.png]
[promo-theme.com/novo/wp-content/plugins/pt-novo-shortcodes/assets/imgs/decor6.png]
[promo-theme.com/novo/wp-content/plugins/pt-novo-shortcodes/assets/css/pt-addons85d2.css]
[promo-theme.com/novo/wp-content/themes/novo/css/mobile85d2.css]
[promo-theme.com/novo/wp-content/plugins/pixproof/assets/css/inuit001e.css]
[promo-theme.com/novo/wp-content/plugins/pixproof/assets/css/mangnific-popup001e.css]
[promo-theme.com/novo/wp-content/plugins/pt-novo-shortcodes/assets/css/pt-inline85d2.css]
[promo-theme.com/novo/wp-content/plugins/pt-novo-shortcodes/include/popup/fonts/popup-iconf5bb.svg]
[promo-theme.com/novo/wp-content/plugins/pt-novo-shortcodes/assets/css/owl.video.play.html]
